../UI/drivers/Bma421_C/bma423.c:961:8:bma423_init	24	static
../UI/drivers/Bma421_C/bma423.c:990:8:bma423_write_config_file	24	static
../UI/drivers/Bma421_C/bma423.c:1037:8:bma423_get_config_id	96	static
../UI/drivers/Bma421_C/bma423.c:1074:8:bma423_map_interrupt	24	static
../UI/drivers/Bma421_C/bma423.c:1108:8:bma423_read_int_status	24	static
../UI/drivers/Bma421_C/bma423.c:1135:8:bma423_feature_enable	88	static
../UI/drivers/Bma421_C/bma423.c:1177:8:bma423_set_remap_axes	96	static
../UI/drivers/Bma421_C/bma423.c:1221:8:bma423_get_remap_axes	88	static
../UI/drivers/Bma421_C/bma423.c:1259:8:bma423_set_any_mot_config	96	static
../UI/drivers/Bma421_C/bma423.c:1324:8:bma423_get_any_mot_config	96	static
../UI/drivers/Bma421_C/bma423.c:1384:8:bma423_set_no_mot_config	96	static
../UI/drivers/Bma421_C/bma423.c:1449:8:bma423_get_no_mot_config	96	static
../UI/drivers/Bma421_C/bma423.c:1508:8:bma423_step_detector_enable	88	static
../UI/drivers/Bma421_C/bma423.c:1544:8:bma423_step_counter_set_watermark	96	static
../UI/drivers/Bma421_C/bma423.c:1598:8:bma423_step_counter_get_watermark	96	static
../UI/drivers/Bma421_C/bma423.c:1636:8:bma423_reset_step_counter	88	static
../UI/drivers/Bma421_C/bma423.c:1672:8:bma423_step_counter_output	40	static
../UI/drivers/Bma421_C/bma423.c:1714:8:bma423_activity_output	24	static
../UI/drivers/Bma421_C/bma423.c:1747:8:bma423_stepcounter_get_parameter	96	static
../UI/drivers/Bma421_C/bma423.c:1782:8:bma423_stepcounter_set_parameter	88	static
../UI/drivers/Bma421_C/bma423.c:1819:8:bma423_single_tap_set_sensitivity	88	static
../UI/drivers/Bma421_C/bma423.c:1854:8:bma423_double_tap_set_sensitivity	88	static
../UI/drivers/Bma421_C/bma423.c:1889:8:bma423_single_tap_get_sensitivity	88	static
../UI/drivers/Bma421_C/bma423.c:1922:8:bma423_double_tap_get_sensitivity	88	static
../UI/drivers/Bma421_C/bma423.c:1960:15:feature_enable	32	static
../UI/drivers/Bma421_C/bma423.c:2009:15:feature_disable	32	static
../UI/drivers/Bma421_C/bma423.c:2058:13:update_stepcounter_parameter	24	static
../UI/drivers/Bma421_C/bma423.c:2118:13:extract_stepcounter_parameter	16	static
../UI/drivers/Bma421_C/bma423.c:2150:8:bma423_get_version_config	104	static
