../Drivers/STM32WBxx_HAL_Driver/Inc/stm32wbxx_ll_bus.h:539:22:LL_AHB2_GRP1_EnableClock	24	static
../UI/ft3168_touch.c:47:9:ft3168_diag_get_fail_step	4	static
../UI/ft3168_touch.c:48:9:ft3168_diag_get_vend_id	4	static
../UI/ft3168_touch.c:49:9:ft3168_diag_get_chip_id	4	static
../UI/ft3168_touch.c:50:19:ft3168_diag_get_last_i2c_status	4	static
../UI/ft3168_touch.c:51:17:ft3168_diag_get_i2c_scan	4	static
../UI/ft3168_touch.c:52:9:ft3168_diag_get_gpio_probe	4	static
../UI/ft3168_touch.c:54:13:gpio_i2c_scl_high	32	static
../UI/ft3168_touch.c:65:13:gpio_i2c_scl_low	8	static
../UI/ft3168_touch.c:70:13:gpio_i2c_sda_high	32	static
../UI/ft3168_touch.c:81:13:gpio_i2c_sda_low	8	static
../UI/ft3168_touch.c:86:16:gpio_i2c_sda_read	8	static
../UI/ft3168_touch.c:91:13:gpio_i2c_delay	16	static,ignoring_inline_asm
../UI/ft3168_touch.c:96:13:gpio_i2c_start	8	static
../UI/ft3168_touch.c:107:13:gpio_i2c_stop	8	static
../UI/ft3168_touch.c:117:13:gpio_i2c_send_byte	24	static
../UI/ft3168_touch.c:131:16:gpio_i2c_wait_ack	16	static
../UI/ft3168_touch.c:143:6:ft3168_diag_gpio_probe	32	static
../UI/ft3168_touch.c:167:6:ft3168_diag_i2c_scan	16	static
../UI/ft3168_touch.c:180:13:ft3168_i2c_read	32	static
../UI/ft3168_touch.c:187:13:ft3168_i2c_write	32	static
../UI/ft3168_touch.c:193:6:ft3168_diag_direct_read	16	static
../UI/ft3168_touch.c:199:13:ft3168_hard_reset	8	static
../UI/ft3168_touch.c:210:6:ft3168_touch_init	40	static
../UI/ft3168_touch.c:277:21:ft3168_touch_get_info	64	static
../UI/ft3168_touch.c:337:9:ft3168_touch_get_chip_id	4	static
../UI/ft3168_touch.c:343:9:ft3168_touch_get_firmware_id	4	static
../UI/ft3168_touch.c:349:6:ft3168_touch_enter_factory_mode	16	static
../UI/ft3168_touch.c:356:6:ft3168_touch_exit_factory_mode	16	static
../UI/ft3168_touch.c:363:6:ft3168_touch_set_interrupt_mode	16	static
../UI/ft3168_touch.c:369:6:ft3168_touch_sleep	16	static
../UI/ft3168_touch.c:376:6:ft3168_touch_wakeup	8	static
../UI/ft3168_touch.c:382:6:FT3168_INT_IRQHandler	8	static
../UI/ft3168_touch.c:388:6:HAL_GPIO_EXTI_Callback	16	static
