../Drivers/STM32WBxx_HAL_Driver/Inc/stm32wbxx_ll_bus.h:539:22:LL_AHB2_GRP1_EnableClock	24	static
../UI/ft3168_touch.c:8:13:sw_delay_ms	32	static
../UI/ft3168_touch.c:69:9:ft3168_diag_get_fail_step	4	static
../UI/ft3168_touch.c:70:9:ft3168_diag_get_vend_id	4	static
../UI/ft3168_touch.c:71:9:ft3168_diag_get_chip_id	4	static
../UI/ft3168_touch.c:72:19:ft3168_diag_get_last_i2c_status	4	static
../UI/ft3168_touch.c:73:17:ft3168_diag_get_i2c_scan	4	static
../UI/ft3168_touch.c:74:9:ft3168_diag_get_gpio_probe	4	static
../UI/ft3168_touch.c:76:13:gpio_i2c_scl_high	32	static
../UI/ft3168_touch.c:87:13:gpio_i2c_scl_low	8	static
../UI/ft3168_touch.c:92:13:gpio_i2c_sda_high	32	static
../UI/ft3168_touch.c:103:13:gpio_i2c_sda_low	8	static
../UI/ft3168_touch.c:108:16:gpio_i2c_sda_read	8	static
../UI/ft3168_touch.c:113:13:gpio_i2c_delay	16	static,ignoring_inline_asm
../UI/ft3168_touch.c:118:13:gpio_i2c_start	8	static
../UI/ft3168_touch.c:129:13:gpio_i2c_stop	8	static
../UI/ft3168_touch.c:139:13:gpio_i2c_send_byte	24	static
../UI/ft3168_touch.c:153:16:gpio_i2c_wait_ack	16	static
../UI/ft3168_touch.c:165:6:ft3168_diag_gpio_probe	32	static
../UI/ft3168_touch.c:189:6:ft3168_diag_i2c_scan	16	static
../UI/ft3168_touch.c:202:13:ft3168_i2c_read	32	static
../UI/ft3168_touch.c:209:13:ft3168_i2c_write	32	static
../UI/ft3168_touch.c:215:6:ft3168_diag_direct_read	16	static
../UI/ft3168_touch.c:221:13:ft3168_hard_reset	8	static
../UI/ft3168_touch.c:232:6:ft3168_touch_init	40	static
../UI/ft3168_touch.c:299:21:ft3168_touch_get_info	64	static
../UI/ft3168_touch.c:359:9:ft3168_touch_get_chip_id	4	static
../UI/ft3168_touch.c:365:9:ft3168_touch_get_firmware_id	4	static
../UI/ft3168_touch.c:371:6:ft3168_touch_enter_factory_mode	16	static
../UI/ft3168_touch.c:378:6:ft3168_touch_exit_factory_mode	16	static
../UI/ft3168_touch.c:385:6:ft3168_touch_set_interrupt_mode	16	static
../UI/ft3168_touch.c:391:6:ft3168_touch_sleep	16	static
../UI/ft3168_touch.c:398:6:ft3168_touch_wakeup	8	static
../UI/ft3168_touch.c:404:6:FT3168_INT_IRQHandler	8	static
../UI/ft3168_touch.c:410:6:HAL_GPIO_EXTI_Callback	16	static
