../UI/lvgl/src/lv_hal/../lv_misc/lv_color.h:583:26:lv_color_make	16	static
../UI/lvgl/src/lv_hal/../lv_misc/lv_color.h:588:26:lv_color_hex	16	static
../UI/lvgl/src/lv_core/lv_obj_style_dec.h:100:1:lv_obj_set_style_local_bg_color	16	static
../UI/lvgl/src/lv_core/lv_obj_style_dec.h:103:1:lv_obj_set_style_local_border_width	16	static
../UI/lvgl/src/lv_core/lv_obj_style_dec.h:141:1:lv_obj_set_style_local_text_color	16	static
../UI/lvgl/src/lv_core/lv_obj_style_dec.h:145:1:lv_obj_set_style_local_text_font	24	static
../UI/lvgl/src/lv_core/lv_disp.h:158:26:lv_scr_act	8	static
../UI/infinitime_adapter.c:116:13:clock_refresh	72	static
../UI/infinitime_adapter.c:153:13:stopwatch_btn_cb	16	static
../UI/infinitime_adapter.c:166:13:stopwatch_task_cb	72	static
../UI/infinitime_adapter.c:182:13:app_tile_cb	24	static
../UI/infinitime_adapter.c:208:13:qs_btn_cb	32	static
../UI/infinitime_adapter.c:230:13:create_clock_screen	24	static
../UI/infinitime_adapter.c:277:13:create_launcher_screen	144	static
../UI/infinitime_adapter.c:321:13:create_quick_settings_screen	40	static
../UI/infinitime_adapter.c:379:13:create_notifications_screen	24	static
../UI/infinitime_adapter.c:402:13:create_stopwatch_screen	40	static
../UI/infinitime_adapter.c:455:13:switch_screen	16	static
../UI/infinitime_adapter.c:506:13:back_btn_cb	16	static
../UI/infinitime_adapter.c:511:13:create_placeholder_screen	120	static
../UI/infinitime_adapter.c:547:6:infinitime_ui_init	8	static
../UI/infinitime_adapter.c:562:6:infinitime_ui_task	16	static
../UI/infinitime_adapter.c:588:17:infinitime_get_touch_info	16	static
../UI/infinitime_adapter.c:593:6:infinitime_set_screen	16	static
../UI/infinitime_adapter.c:598:13:infinitime_get_current_screen	4	static
../UI/infinitime_adapter.c:603:6:infinitime_update_screen	8	static
../UI/infinitime_adapter.c:608:6:infinitime_set_time	16	static
../UI/infinitime_adapter.c:615:6:infinitime_set_battery	16	static
../UI/infinitime_adapter.c:620:6:infinitime_set_steps	16	static
../UI/infinitime_adapter.c:625:6:infinitime_set_heart_rate	16	static
