../UI/lvgl/src/lv_hal/../lv_misc/lv_color.h:583:26:lv_color_make	16	static
../UI/lvgl/src/lv_hal/../lv_misc/lv_color.h:588:26:lv_color_hex	16	static
../UI/lvgl/src/lv_core/lv_obj_style_dec.h:100:1:lv_obj_set_style_local_bg_color	16	static
../UI/lvgl/src/lv_core/lv_obj_style_dec.h:103:1:lv_obj_set_style_local_border_width	16	static
../UI/lvgl/src/lv_core/lv_obj_style_dec.h:141:1:lv_obj_set_style_local_text_color	16	static
../UI/lvgl/src/lv_core/lv_obj_style_dec.h:145:1:lv_obj_set_style_local_text_font	24	static
../UI/lvgl/src/lv_core/lv_disp.h:158:26:lv_scr_act	8	static
../UI/infinitime_adapter.c:116:13:clock_refresh	72	static
../UI/infinitime_adapter.c:152:13:stopwatch_btn_cb	16	static
../UI/infinitime_adapter.c:165:13:stopwatch_task_cb	72	static
../UI/infinitime_adapter.c:181:13:app_tile_cb	24	static
../UI/infinitime_adapter.c:207:13:qs_btn_cb	32	static
../UI/infinitime_adapter.c:229:13:create_clock_screen	24	static
../UI/infinitime_adapter.c:276:13:create_launcher_screen	144	static
../UI/infinitime_adapter.c:320:13:create_quick_settings_screen	40	static
../UI/infinitime_adapter.c:378:13:create_notifications_screen	24	static
../UI/infinitime_adapter.c:401:13:create_stopwatch_screen	40	static
../UI/infinitime_adapter.c:454:13:switch_screen	16	static
../UI/infinitime_adapter.c:498:13:back_btn_cb	16	static
../UI/infinitime_adapter.c:503:13:create_placeholder_screen	120	static
../UI/infinitime_adapter.c:539:6:infinitime_ui_init	8	static
../UI/infinitime_adapter.c:553:6:infinitime_ui_task	16	static
../UI/infinitime_adapter.c:568:17:infinitime_get_touch_info	16	static
../UI/infinitime_adapter.c:573:6:infinitime_set_screen	16	static
../UI/infinitime_adapter.c:578:13:infinitime_get_current_screen	4	static
../UI/infinitime_adapter.c:583:6:infinitime_update_screen	8	static
../UI/infinitime_adapter.c:588:6:infinitime_set_time	16	static
../UI/infinitime_adapter.c:595:6:infinitime_set_battery	16	static
../UI/infinitime_adapter.c:600:6:infinitime_set_steps	16	static
../UI/infinitime_adapter.c:605:6:infinitime_set_heart_rate	16	static
