../UI/lvgl/src/lv_hal/../lv_misc/lv_color.h:583:26:lv_color_make	16	static
../UI/lvgl/src/lv_hal/../lv_misc/lv_color.h:588:26:lv_color_hex	16	static
../UI/lvgl/src/lv_core/lv_obj_style_dec.h:141:1:lv_obj_set_style_local_text_color	16	static
../UI/lvgl/src/lv_core/lv_obj_style_dec.h:145:1:lv_obj_set_style_local_text_font	24	static
../Drivers/STM32WBxx_HAL_Driver/Inc/stm32wbxx_ll_bus.h:539:22:LL_AHB2_GRP1_EnableClock	24	static
../Core/Inc/st7789.h:145:20:lcd_cs_set	8	static
../Core/Inc/st7789.h:146:20:lcd_cs_clr	8	static
../Core/Inc/st7789.h:147:20:lcd_dc_set	8	static
../UI/lvgl_stm32.c:17:13:DWT_Init	24	static
../UI/lvgl_stm32.c:29:24:DWT_GetTicks	4	static
../UI/lvgl_stm32.c:38:13:sw_delay_ms	32	static,ignoring_inline_asm
../UI/lvgl_stm32.c:93:6:lvgl_increment_dwt_counter	4	static
../UI/lvgl_stm32.c:99:10:lvgl_get_dwt_counter	4	static
../UI/lvgl_stm32.c:105:10:lvgl_get_dwt_cyccnt	4	static
../UI/lvgl_stm32.c:178:13:st7789_draw_char	32	static
../UI/lvgl_stm32.c:196:13:wait_dma_complete	24	static
../UI/lvgl_stm32.c:220:13:st7789_draw_debug_text	48	static
../UI/lvgl_stm32.c:283:13:disp_flush	40	static
../UI/lvgl_stm32.c:339:6:HAL_SPI_TxCpltCallback	16	static
../UI/lvgl_stm32.c:351:6:HAL_SPI_TxHalfCpltCallback	16	static
../UI/lvgl_stm32.c:359:6:HAL_SPI_ErrorCallback	24	static
../UI/lvgl_stm32.c:401:10:lvgl_get_spi_err_count	4	static
../UI/lvgl_stm32.c:406:13:i2c_bus_recover	56	static,ignoring_inline_asm
../UI/lvgl_stm32.c:447:13:i2c_safe_read	40	static
../UI/lvgl_stm32.c:463:13:i2c_safe_write	40	static
../UI/lvgl_stm32.c:479:13:touchpad_read	16	static
../UI/lvgl_stm32.c:490:13:disp_wait_cb	24	static
../UI/lvgl_stm32.c:515:6:lvgl_init	64	static
../UI/lvgl_stm32.c:556:6:lvgl_touch_irq_handler	4	static
../UI/lvgl_stm32.c:563:6:lvgl_touch_release_handler	8	static
../UI/lvgl_stm32.c:572:6:lvgl_touch_process	24	static
../UI/lvgl_stm32.c:629:6:lvgl_tick_handler	16	static
../UI/lvgl_stm32.c:639:13:debug_update_task	88	static,ignoring_inline_asm
../UI/lvgl_stm32.c:669:6:lvgl_debug_draw	8	static
../UI/lvgl_stm32.c:677:6:lvgl_debug_set_enabled	16	static
