../UI/lvgl/src/lv_hal/../lv_misc/lv_color.h:583:26:lv_color_make	16	static
../UI/lvgl/src/lv_hal/../lv_misc/lv_color.h:588:26:lv_color_hex	16	static
../UI/lvgl/src/lv_core/lv_obj_style_dec.h:141:1:lv_obj_set_style_local_text_color	16	static
../UI/lvgl/src/lv_core/lv_obj_style_dec.h:145:1:lv_obj_set_style_local_text_font	24	static
../Core/Inc/st7789.h:122:20:lcd_cs_set	8	static
../Core/Inc/st7789.h:123:20:lcd_cs_clr	8	static
../Core/Inc/st7789.h:124:20:lcd_dc_set	8	static
../UI/lvgl_stm32.c:90:13:st7789_draw_char	32	static
../UI/lvgl_stm32.c:107:13:st7789_draw_debug_text	48	static
../UI/lvgl_stm32.c:154:13:disp_flush	40	static
../UI/lvgl_stm32.c:189:13:touchpad_read	16	static
../UI/lvgl_stm32.c:199:6:lvgl_init	64	static
../UI/lvgl_stm32.c:234:6:lvgl_touch_irq_handler	4	static
../UI/lvgl_stm32.c:240:6:lvgl_touch_release_handler	8	static
../UI/lvgl_stm32.c:249:6:lvgl_touch_process	32	static
../UI/lvgl_stm32.c:268:6:lvgl_tick_handler	16	static
../UI/lvgl_stm32.c:273:6:lvgl_debug_draw	16	static
../UI/lvgl_stm32.c:289:6:lvgl_debug_set_enabled	16	static
