../UI/lvgl/src/lv_hal/../lv_misc/lv_color.h:583:26:lv_color_make	16	static
../UI/lvgl/src/lv_hal/../lv_misc/lv_color.h:588:26:lv_color_hex	16	static
../UI/lvgl/src/lv_core/lv_obj_style_dec.h:141:1:lv_obj_set_style_local_text_color	16	static
../UI/lvgl/src/lv_core/lv_obj_style_dec.h:145:1:lv_obj_set_style_local_text_font	24	static
../Drivers/STM32WBxx_HAL_Driver/Inc/stm32wbxx_ll_bus.h:539:22:LL_AHB2_GRP1_EnableClock	24	static
../Core/Inc/st7789.h:122:20:lcd_cs_set	8	static
../Core/Inc/st7789.h:123:20:lcd_cs_clr	8	static
../Core/Inc/st7789.h:124:20:lcd_dc_set	8	static
../UI/lvgl_stm32.c:14:13:DWT_Init	4	static
../UI/lvgl_stm32.c:21:24:DWT_GetTicks	4	static
../UI/lvgl_stm32.c:124:13:st7789_draw_char	32	static
../UI/lvgl_stm32.c:141:13:st7789_draw_debug_text	56	static
../UI/lvgl_stm32.c:222:13:disp_flush	56	static
../UI/lvgl_stm32.c:292:6:HAL_SPI_TxCpltCallback	16	static
../UI/lvgl_stm32.c:306:6:HAL_SPI_TxHalfCpltCallback	16	static
../UI/lvgl_stm32.c:314:6:HAL_SPI_ErrorCallback	16	static
../UI/lvgl_stm32.c:344:10:lvgl_get_spi_err_count	4	static
../UI/lvgl_stm32.c:349:13:i2c_bus_recover	56	static,ignoring_inline_asm
../UI/lvgl_stm32.c:390:13:i2c_safe_read	40	static
../UI/lvgl_stm32.c:406:13:i2c_safe_write	40	static
../UI/lvgl_stm32.c:422:13:touchpad_read	16	static
../UI/lvgl_stm32.c:432:6:lvgl_init	64	static
../UI/lvgl_stm32.c:471:6:lvgl_touch_irq_handler	4	static
../UI/lvgl_stm32.c:478:6:lvgl_touch_release_handler	8	static
../UI/lvgl_stm32.c:487:6:lvgl_touch_process	24	static
../UI/lvgl_stm32.c:544:6:lvgl_tick_handler	16	static
../UI/lvgl_stm32.c:554:13:debug_update_task	72	static
../UI/lvgl_stm32.c:582:6:lvgl_debug_draw	8	static
../UI/lvgl_stm32.c:590:6:lvgl_debug_set_enabled	16	static
