../Drivers/STM32WBxx_HAL_Driver/Inc/stm32wbxx_ll_bus.h:539:22:LL_AHB2_GRP1_EnableClock	24	static
../Drivers/STM32WBxx_HAL_Driver/Inc/stm32wbxx_ll_bus.h:939:22:LL_APB1_GRP1_EnableClock	24	static
../Core/Src/st7789.c:21:13:ST7789_WaitForDMA	24	static
../Core/Src/st7789.c:39:13:ST7789_PWM_Init	56	static
../Core/Src/st7789.c:71:13:ST7789_PWM_SetDuty	16	static
../Core/Src/st7789.c:82:6:ST7789_WriteCommand	16	static
../Core/Src/st7789.c:96:6:ST7789_WriteData	24	static
../Core/Src/st7789.c:125:6:ST7789_WriteData16	24	static
../Core/Src/st7789.c:137:6:ST7789_SetAddressWindow	40	static
../Core/Src/st7789.c:162:6:ST7789_Delay	32	static
../Core/Src/st7789.c:187:6:ST7789_Init	104	static
../Core/Src/st7789.c:326:6:ST7789_Fill_Color	24	static
../Core/Src/st7789.c:352:6:ST7789_FillScreen	16	static
../Core/Src/st7789.c:363:6:ST7789_DrawPixel	24	static
../Core/Src/st7789.c:379:6:ST7789_Fill	32	static
../Core/Src/st7789.c:399:6:ST7789_DrawPixel_4px	32	static
../Core/Src/st7789.c:412:6:ST7789_DrawLine	40	static
../Core/Src/st7789.c:460:6:ST7789_DrawRectangle	32	static
../Core/Src/st7789.c:475:6:ST7789_DrawCircle	40	static
../Core/Src/st7789.c:517:6:ST7789_DrawImage	24	static
../Core/Src/st7789.c:532:6:ST7789_InvertColors	16	static
../Core/Src/st7789.c:546:6:ST7789_WriteChar	40	static
../Core/Src/st7789.c:574:6:ST7789_WriteString	32	static
../Core/Src/st7789.c:602:6:ST7789_DrawFilledRectangle	40	static
../Core/Src/st7789.c:630:6:ST7789_DrawTriangle	32	static
../Core/Src/st7789.c:645:6:ST7789_DrawFilledTriangle	64	static
../Core/Src/st7789.c:703:6:ST7789_DrawFilledCircle	48	static
../Core/Src/st7789.c:740:6:ST7789_Test	24	static
../Core/Src/st7789.c:800:6:ST7789_SetBacklight	16	static
../Core/Src/st7789.c:808:6:ST7789_BacklightTick	4	static
