../UI/lvgl/src/lv_widgets/../lv_core/../lv_font/../lv_misc/lv_mem.h:151:22:_lv_memcpy	24	static
../UI/lvgl/src/lv_widgets/../lv_core/../lv_font/../lv_misc/lv_mem.h:162:22:_lv_memcpy_small	24	static
../UI/lvgl/src/lv_widgets/../lv_core/../lv_font/../lv_misc/lv_mem.h:183:20:_lv_memset_00	16	static
../UI/lvgl/src/lv_widgets/../lv_core/../lv_font/../lv_misc/lv_area.h:97:20:lv_area_copy	16	static
../UI/lvgl/src/lv_widgets/../lv_core/../lv_font/../lv_misc/lv_area.h:107:26:lv_area_get_width	16	static
../UI/lvgl/src/lv_widgets/../lv_core/../lv_font/../lv_misc/lv_area.h:117:26:lv_area_get_height	16	static
../UI/lvgl/src/lv_widgets/../lv_core/lv_obj_style_dec.h:87:1:lv_obj_get_style_pad_top	16	static
../UI/lvgl/src/lv_widgets/../lv_core/lv_obj_style_dec.h:88:1:lv_obj_get_style_pad_bottom	16	static
../UI/lvgl/src/lv_widgets/../lv_core/lv_obj_style_dec.h:89:1:lv_obj_get_style_pad_left	16	static
../UI/lvgl/src/lv_widgets/../lv_core/lv_obj_style_dec.h:90:1:lv_obj_get_style_pad_right	16	static
../UI/lvgl/src/lv_widgets/../lv_core/lv_obj_style_dec.h:91:1:lv_obj_get_style_pad_inner	16	static
../UI/lvgl/src/lv_widgets/lv_btnmatrix.c:72:12:lv_btnmatrix_create	32	static
../UI/lvgl/src/lv_widgets/lv_btnmatrix.c:139:6:lv_btnmatrix_set_map	88	static
../UI/lvgl/src/lv_widgets/lv_btnmatrix.c:274:6:lv_btnmatrix_set_ctrl_map	24	static
../UI/lvgl/src/lv_widgets/lv_btnmatrix.c:289:6:lv_btnmatrix_set_focused_btn	24	static
../UI/lvgl/src/lv_widgets/lv_btnmatrix.c:310:6:lv_btnmatrix_set_recolor	24	static
../UI/lvgl/src/lv_widgets/lv_btnmatrix.c:325:6:lv_btnmatrix_set_btn_ctrl	24	static
../UI/lvgl/src/lv_widgets/lv_btnmatrix.c:348:6:lv_btnmatrix_clear_btn_ctrl	24	static
../UI/lvgl/src/lv_widgets/lv_btnmatrix.c:365:6:lv_btnmatrix_set_btn_ctrl_all	24	static
../UI/lvgl/src/lv_widgets/lv_btnmatrix.c:382:6:lv_btnmatrix_clear_btn_ctrl_all	24	static
../UI/lvgl/src/lv_widgets/lv_btnmatrix.c:402:6:lv_btnmatrix_set_btn_width	24	static
../UI/lvgl/src/lv_widgets/lv_btnmatrix.c:421:6:lv_btnmatrix_set_one_check	24	static
../UI/lvgl/src/lv_widgets/lv_btnmatrix.c:437:6:lv_btnmatrix_set_align	24	static
../UI/lvgl/src/lv_widgets/lv_btnmatrix.c:458:15:lv_btnmatrix_get_map_array	24	static
../UI/lvgl/src/lv_widgets/lv_btnmatrix.c:471:6:lv_btnmatrix_get_recolor	24	static
../UI/lvgl/src/lv_widgets/lv_btnmatrix.c:486:10:lv_btnmatrix_get_active_btn	24	static
../UI/lvgl/src/lv_widgets/lv_btnmatrix.c:500:14:lv_btnmatrix_get_active_btn_text	24	static
../UI/lvgl/src/lv_widgets/lv_btnmatrix.c:519:10:lv_btnmatrix_get_focused_btn	24	static
../UI/lvgl/src/lv_widgets/lv_btnmatrix.c:534:14:lv_btnmatrix_get_btn_text	24	static
../UI/lvgl/src/lv_widgets/lv_btnmatrix.c:565:6:lv_btnmatrix_get_btn_ctrl	24	static
../UI/lvgl/src/lv_widgets/lv_btnmatrix.c:580:6:lv_btnmatrix_get_one_check	24	static
../UI/lvgl/src/lv_widgets/lv_btnmatrix.c:594:18:lv_btnmatrix_get_align	24	static
../UI/lvgl/src/lv_widgets/lv_btnmatrix.c:629:24:lv_btnmatrix_design	592	static
../UI/lvgl/src/lv_widgets/lv_btnmatrix.c:842:17:lv_btnmatrix_signal	80	static
../UI/lvgl/src/lv_widgets/lv_btnmatrix.c:1110:26:lv_btnmatrix_get_style	24	static
../UI/lvgl/src/lv_widgets/lv_btnmatrix.c:1137:13:allocate_btn_areas_and_controls	24	static
../UI/lvgl/src/lv_widgets/lv_btnmatrix.c:1179:16:get_button_width	24	static
../UI/lvgl/src/lv_widgets/lv_btnmatrix.c:1185:13:button_is_hidden	16	static
../UI/lvgl/src/lv_widgets/lv_btnmatrix.c:1190:13:button_is_repeat_disabled	16	static
../UI/lvgl/src/lv_widgets/lv_btnmatrix.c:1195:13:button_is_inactive	16	static
../UI/lvgl/src/lv_widgets/lv_btnmatrix.c:1200:13:button_is_click_trig	16	static
../UI/lvgl/src/lv_widgets/lv_btnmatrix.c:1205:13:button_is_tgl_enabled	16	static
../UI/lvgl/src/lv_widgets/lv_btnmatrix.c:1210:13:button_get_tgl_state	16	static
../UI/lvgl/src/lv_widgets/lv_btnmatrix.c:1221:17:get_button_from_point	56	static
../UI/lvgl/src/lv_widgets/lv_btnmatrix.c:1271:13:invalidate_button_area	40	static
../UI/lvgl/src/lv_widgets/lv_btnmatrix.c:1297:13:make_one_button_toggled	24	static
