../UI/lvgl/src/lv_widgets/../lv_core/lv_obj_style_dec.h:81:1:lv_obj_get_style_size	16	static
../UI/lvgl/src/lv_widgets/../lv_core/lv_obj_style_dec.h:87:1:lv_obj_get_style_pad_top	16	static
../UI/lvgl/src/lv_widgets/../lv_core/lv_obj_style_dec.h:89:1:lv_obj_get_style_pad_left	16	static
../UI/lvgl/src/lv_widgets/../lv_core/lv_obj_style_dec.h:90:1:lv_obj_get_style_pad_right	16	static
../UI/lvgl/src/lv_widgets/../lv_core/lv_obj_style_dec.h:91:1:lv_obj_get_style_pad_inner	16	static
../UI/lvgl/src/lv_widgets/../lv_core/lv_obj_style_dec.h:146:1:lv_obj_get_style_line_width	16	static
../UI/lvgl/src/lv_widgets/../lv_core/lv_obj_style_dec.h:171:1:lv_obj_get_style_scale_width	16	static
../UI/lvgl/src/lv_widgets/lv_gauge.h:113:20:lv_gauge_set_critical_value	24	static
../UI/lvgl/src/lv_widgets/lv_gauge.h:188:23:lv_gauge_get_min_value	16	static
../UI/lvgl/src/lv_widgets/lv_gauge.h:198:23:lv_gauge_get_max_value	16	static
../UI/lvgl/src/lv_widgets/lv_gauge.h:245:24:lv_gauge_get_angle_offset	16	static
../UI/lvgl/src/lv_widgets/lv_gauge.c:65:12:lv_gauge_create	32	static
../UI/lvgl/src/lv_widgets/lv_gauge.c:146:6:lv_gauge_set_needle_count	40	static
../UI/lvgl/src/lv_widgets/lv_gauge.c:181:6:lv_gauge_set_value	88	static
../UI/lvgl/src/lv_widgets/lv_gauge.c:286:6:lv_gauge_set_scale	24	static
../UI/lvgl/src/lv_widgets/lv_gauge.c:306:6:lv_gauge_set_needle_img	32	static
../UI/lvgl/src/lv_widgets/lv_gauge.c:324:6:lv_gauge_set_formatter_cb	24	static
../UI/lvgl/src/lv_widgets/lv_gauge.c:343:9:lv_gauge_get_value	24	static
../UI/lvgl/src/lv_widgets/lv_gauge.c:360:9:lv_gauge_get_needle_count	24	static
../UI/lvgl/src/lv_widgets/lv_gauge.c:373:9:lv_gauge_get_label_count	24	static
../UI/lvgl/src/lv_widgets/lv_gauge.c:387:14:lv_gauge_get_needle_img	24	static
../UI/lvgl/src/lv_widgets/lv_gauge.c:401:12:lv_gauge_get_needle_img_pivot_x	24	static
../UI/lvgl/src/lv_widgets/lv_gauge.c:415:12:lv_gauge_get_needle_img_pivot_y	24	static
../UI/lvgl/src/lv_widgets/lv_gauge.c:438:24:lv_gauge_design	32	static
../UI/lvgl/src/lv_widgets/lv_gauge.c:474:17:lv_gauge_signal	40	static
../UI/lvgl/src/lv_widgets/lv_gauge.c:505:26:lv_gauge_get_style	24	static
../UI/lvgl/src/lv_widgets/lv_gauge.c:533:13:lv_gauge_draw_labels	160	static
../UI/lvgl/src/lv_widgets/lv_gauge.c:592:13:lv_gauge_draw_needle	200	static
