../UI/lvgl/src/lv_widgets/../lv_core/../lv_misc/lv_color.h:440:48:lv_color_mix	24	static
../UI/lvgl/src/lv_widgets/../lv_core/lv_obj_style_dec.h:87:1:lv_obj_get_style_pad_top	16	static
../UI/lvgl/src/lv_widgets/../lv_core/lv_obj_style_dec.h:89:1:lv_obj_get_style_pad_left	16	static
../UI/lvgl/src/lv_widgets/../lv_core/lv_obj_style_dec.h:90:1:lv_obj_get_style_pad_right	16	static
../UI/lvgl/src/lv_widgets/../lv_core/lv_obj_style_dec.h:151:1:lv_obj_get_style_line_color	16	static
../UI/lvgl/src/lv_widgets/../lv_core/lv_obj_style_dec.h:171:1:lv_obj_get_style_scale_width	16	static
../UI/lvgl/src/lv_widgets/../lv_core/lv_obj_style_dec.h:172:1:lv_obj_get_style_scale_border_width	16	static
../UI/lvgl/src/lv_widgets/../lv_core/lv_obj_style_dec.h:173:1:lv_obj_get_style_scale_end_border_width	16	static
../UI/lvgl/src/lv_widgets/../lv_core/lv_obj_style_dec.h:174:1:lv_obj_get_style_scale_end_line_width	16	static
../UI/lvgl/src/lv_widgets/../lv_core/lv_obj_style_dec.h:175:1:lv_obj_get_style_scale_grad_color	16	static
../UI/lvgl/src/lv_widgets/../lv_core/lv_obj_style_dec.h:176:1:lv_obj_get_style_scale_end_color	16	static
../UI/lvgl/src/lv_widgets/lv_linemeter.c:53:12:lv_linemeter_create	32	static
../UI/lvgl/src/lv_widgets/lv_linemeter.c:118:6:lv_linemeter_set_value	32	static
../UI/lvgl/src/lv_widgets/lv_linemeter.c:146:6:lv_linemeter_set_range	32	static
../UI/lvgl/src/lv_widgets/lv_linemeter.c:172:6:lv_linemeter_set_scale	24	static
../UI/lvgl/src/lv_widgets/lv_linemeter.c:190:6:lv_linemeter_set_angle_offset	24	static
../UI/lvgl/src/lv_widgets/lv_linemeter.c:205:6:lv_linemeter_set_mirror	24	static
../UI/lvgl/src/lv_widgets/lv_linemeter.c:224:9:lv_linemeter_get_value	24	static
../UI/lvgl/src/lv_widgets/lv_linemeter.c:237:9:lv_linemeter_get_min_value	24	static
../UI/lvgl/src/lv_widgets/lv_linemeter.c:250:9:lv_linemeter_get_max_value	24	static
../UI/lvgl/src/lv_widgets/lv_linemeter.c:263:10:lv_linemeter_get_line_count	24	static
../UI/lvgl/src/lv_widgets/lv_linemeter.c:276:10:lv_linemeter_get_scale_angle	24	static
../UI/lvgl/src/lv_widgets/lv_linemeter.c:289:10:lv_linemeter_get_angle_offset	24	static
../UI/lvgl/src/lv_widgets/lv_linemeter.c:301:6:lv_linemeter_get_mirror	24	static
../UI/lvgl/src/lv_widgets/lv_linemeter.c:308:6:lv_linemeter_draw_scale	216	static
../UI/lvgl/src/lv_widgets/lv_linemeter.c:510:24:lv_linemeter_design	112	static
../UI/lvgl/src/lv_widgets/lv_linemeter.c:538:17:lv_linemeter_signal	32	static
